
> web@0.1.0 build C:\Users\HomePC\Desktop\opnmart\apps\web
> next build

Γû▓ Next.js 16.1.6 (Turbopack)
- Environments: .env

node.exe : ΓÜá The "middleware" file 
convention is deprecated. Please use 
"proxy" instead. Learn more: https://nex
tjs.org/docs/messages/middleware-to-prox
y
At C:\Users\HomePC\AppData\Roaming\npm\p
npm.ps1:24 char:5
+     & "node$exe"  "$basedir/node_modul
es/pnpm/bin/pnpm.cjs" $args
+     ~~~~~~~~~~~~~~~~~~~~~~~~~~~~~~~~~~
~~~~~~~~~~~~~~~~~~~~~~~~~~~
    + CategoryInfo          : NotSpecif 
   ied: (ΓÜá The "middle...leware-to-p  
  roxy:String) [], RemoteException
    + FullyQualifiedErrorId : NativeCom 
   mandError
 
  Creating an optimized production build ...
Γ£ô Compiled successfully in 7.2s
  Running TypeScript ...
  Collecting page data using 15 workers ...
  Generating static pages using 15 workers (0/25) ...
  Generating static pages using 15 workers (6/25) 
Error occurred prerendering page 
"/dashboard/seller/customers". Read 
more: https://nextjs.org/docs/messages/p
rerender-error
TypeError: 
n.default.useSyncExternalStore is not a 
function
    at <unknown> (C:\Users\HomePC\Deskto
p\opnmart\apps\web\.next\server\chunks\s
sr\_b672dc13._.js:3:30154)
    at c (C:\Users\HomePC\Desktop\opnmar
t\apps\web\.next\server\chunks\ssr\_b672
dc13._.js:3:30330)
    at bZ (C:\Users\HomePC\Desktop\opnma
rt\apps\web\.next\server\chunks\ssr\_b67
2dc13._.js:3:32763)
    at stringify (<anonymous>) {
  digest: '2122463372'
}
Export encountered an error on 
/dashboard/seller/customers/page: 
/dashboard/seller/customers, exiting 
the build.
Γ¿» Next.js build worker exited with 
code: 1 and signal: null
C:\Users\HomePC\Desktop\opnmart\apps\web:
ΓÇëERR_PNPM_RECURSIVE_RUN_FIRST_FAILΓÇë web@0.1.0 build: `next build`
Exit status 1
